# serializer version: 1
# name: test_compute_missing_gradients[False-opt_problem3]
  'No gradients to plot at current iteration.'
# ---
# name: test_compute_missing_gradients[True-opt_problem1]
  'No gradients to plot at current iteration.'
# ---
# name: test_gradient_sensitivity_prob[False]
  'No gradients to plot at current iteration.'
# ---
# name: test_gradient_sensitivity_prob[True]
  'No gradients to plot at current iteration.'
# ---
